[  295627ms] [ERROR] Failed to load resource: the server responded with a status of 404 (File not found) @ http://localhost:8765/app/src/main/assets/animations/bear.json:0
[  295642ms] [ERROR] Failed to load resource: the server responded with a status of 404 (File not found) @ http://localhost:8765/app/src/main/assets/animations/bee.json:0
[  295643ms] [ERROR] Failed to load resource: the server responded with a status of 404 (File not found) @ http://localhost:8765/app/src/main/assets/animations/cat.json:0
[  295643ms] [ERROR] Failed to load resource: the server responded with a status of 404 (File not found) @ http://localhost:8765/app/src/main/assets/animations/dog.json:0
[  295644ms] [ERROR] Failed to load resource: the server responded with a status of 404 (File not found) @ http://localhost:8765/app/src/main/assets/animations/crocodile.json:0
[  295644ms] [ERROR] Failed to load resource: the server responded with a status of 404 (File not found) @ http://localhost:8765/app/src/main/assets/animations/cow.json:0
[  295645ms] [ERROR] Failed to load resource: the server responded with a status of 404 (File not found) @ http://localhost:8765/app/src/main/assets/animations/donkey.json:0
[  295645ms] [ERROR] Failed to load resource: the server responded with a status of 404 (File not found) @ http://localhost:8765/app/src/main/assets/animations/duck.json:0
[  295646ms] [ERROR] Failed to load resource: the server responded with a status of 404 (File not found) @ http://localhost:8765/app/src/main/assets/animations/fox.json:0
[  295646ms] [ERROR] Failed to load resource: the server responded with a status of 404 (File not found) @ http://localhost:8765/app/src/main/assets/animations/frog.json:0
[  295647ms] [ERROR] Failed to load resource: the server responded with a status of 404 (File not found) @ http://localhost:8765/app/src/main/assets/animations/elephant.json:0
[  295649ms] [ERROR] Failed to load resource: the server responded with a status of 404 (File not found) @ http://localhost:8765/app/src/main/assets/animations/giraffe.json:0
[  295649ms] [ERROR] Failed to load resource: the server responded with a status of 404 (File not found) @ http://localhost:8765/app/src/main/assets/animations/goat.json:0
[  295649ms] [ERROR] Failed to load resource: the server responded with a status of 404 (File not found) @ http://localhost:8765/app/src/main/assets/animations/hippo.json:0
[  295650ms] [ERROR] Failed to load resource: the server responded with a status of 404 (File not found) @ http://localhost:8765/app/src/main/assets/animations/horse.json:0
[  295651ms] [ERROR] Failed to load resource: the server responded with a status of 404 (File not found) @ http://localhost:8765/app/src/main/assets/animations/lion.json:0
[  295651ms] [ERROR] Failed to load resource: the server responded with a status of 404 (File not found) @ http://localhost:8765/app/src/main/assets/animations/koala.json:0
[  295653ms] [ERROR] Failed to load resource: the server responded with a status of 404 (File not found) @ http://localhost:8765/app/src/main/assets/animations/monkey.json:0
[  295656ms] [ERROR] Failed to load resource: the server responded with a status of 404 (File not found) @ http://localhost:8765/app/src/main/assets/animations/panda.json:0
[  295656ms] [ERROR] Failed to load resource: the server responded with a status of 404 (File not found) @ http://localhost:8765/app/src/main/assets/animations/owl.json:0
[  295657ms] [ERROR] Failed to load resource: the server responded with a status of 404 (File not found) @ http://localhost:8765/app/src/main/assets/animations/penguin.json:0
[  295657ms] [ERROR] Failed to load resource: the server responded with a status of 404 (File not found) @ http://localhost:8765/app/src/main/assets/animations/parrot.json:0
[  295658ms] [ERROR] Failed to load resource: the server responded with a status of 404 (File not found) @ http://localhost:8765/app/src/main/assets/animations/mouse.json:0
[  295658ms] [ERROR] Failed to load resource: the server responded with a status of 404 (File not found) @ http://localhost:8765/app/src/main/assets/animations/pig.json:0
[  295659ms] [ERROR] Failed to load resource: the server responded with a status of 404 (File not found) @ http://localhost:8765/app/src/main/assets/animations/rabbit.json:0
[  295659ms] [ERROR] Failed to load resource: the server responded with a status of 404 (File not found) @ http://localhost:8765/app/src/main/assets/animations/rooster.json:0
[  295659ms] [ERROR] Failed to load resource: the server responded with a status of 404 (File not found) @ http://localhost:8765/app/src/main/assets/animations/snake.json:0
[  295660ms] [ERROR] Failed to load resource: the server responded with a status of 404 (File not found) @ http://localhost:8765/app/src/main/assets/animations/tiger.json:0
[  295660ms] [ERROR] Failed to load resource: the server responded with a status of 404 (File not found) @ http://localhost:8765/app/src/main/assets/animations/sheep.json:0
[  295661ms] [ERROR] Failed to load resource: the server responded with a status of 404 (File not found) @ http://localhost:8765/app/src/main/assets/animations/wolf.json:0
[  295661ms] [ERROR] Failed to load resource: the server responded with a status of 404 (File not found) @ http://localhost:8765/favicon.ico:0
[  310074ms] [ERROR] Failed to load resource: the server responded with a status of 404 (File not found) @ http://localhost:8765/api/state:0
